d=3 m=23 tiles=32714 negative_margin=0 min_margin=8  R0<D(needs 139)=0 min(R0-D)=1  U<min(H,D)[reps]=0 min(U-min(H,D))=3  U<H[reps]=0 min(U-H)=3
d=3 m=24 tiles=20624 negative_margin=0 min_margin=12  R0<D(needs 139)=0 min(R0-D)=1  U<min(H,D)[reps]=0 min(U-min(H,D))=4  U<H[reps]=0 min(U-H)=4
RD 25 3 1 5 6 | 0,0,0 1,0,0 0,1,0 0,0,1 2,0,0 1,0,1 0,2,0 0,1,1 0,0,2 3,0,0 2,0,1 1,0,2 0,3,0 0,2,1 0,1,2 0,0,3 4,0,0 3,0,1 2,0,2 1,0,3 0,4,0 0,3,1 0,2,2 0,1,3 0,0,4
RD 25 3 1 6 20 | 0,0,0 1,0,0 0,1,0 0,0,1 2,0,0 1,1,0 1,0,1 0,2,0 0,0,2 3,0,0 2,1,0 2,0,1 1,2,0 1,0,2 0,3,0 0,0,3 4,0,0 3,1,0 3,0,1 2,2,0 2,0,2 1,3,0 1,0,3 0,4,0 0,0,4
RD 25 3 1 10 11 | 0,0,0 1,0,0 0,1,0 0,0,1 2,0,0 1,0,1 0,2,0 0,1,1 0,0,2 3,0,0 2,0,1 1,0,2 0,3,0 0,2,1 0,1,2 0,0,3 4,0,0 3,0,1 2,0,2 1,0,3 0,4,0 0,3,1 0,2,2 0,1,3 0,0,4
RD 25 3 1 11 15 | 0,0,0 1,0,0 0,1,0 0,0,1 2,0,0 1,1,0 1,0,1 0,2,0 0,0,2 3,0,0 2,1,0 2,0,1 1,2,0 1,0,2 0,3,0 0,0,3 4,0,0 3,1,0 3,0,1 2,2,0 2,0,2 1,3,0 1,0,3 0,4,0 0,0,4
d=3 m=25 tiles=42620 negative_margin=0 min_margin=8  R0<D(needs 139)=4 min(R0-D)=-5  U<min(H,D)[reps]=0 min(U-min(H,D))=0  U<H[reps]=0 min(U-H)=0
RD 26 3 1 5 6 | 0,0,0 1,0,0 0,1,0 0,0,1 2,0,0 1,0,1 0,2,0 0,1,1 0,0,2 3,0,0 2,0,1 1,0,2 0,3,0 0,2,1 0,1,2 0,0,3 4,0,0 3,0,1 2,0,2 1,0,3 0,4,0 0,3,1 0,2,2 0,1,3 0,0,4 0,5,0
d=3 m=26 tiles=37000 negative_margin=0 min_margin=13  R0<D(needs 139)=1 min(R0-D)=-3  U<min(H,D)[reps]=0 min(U-min(H,D))=2  U<H[reps]=0 min(U-H)=2
RD 27 3 1 5 6 | 0,0,0 1,0,0 0,1,0 0,0,1 2,0,0 1,0,1 0,2,0 0,1,1 0,0,2 3,0,0 2,0,1 1,0,2 0,3,0 0,2,1 0,1,2 0,0,3 4,0,0 3,0,1 2,0,2 1,0,3 0,4,0 0,3,1 0,2,2 0,1,3 0,0,4 0,5,0 0,4,1
d=3 m=27 tiles=52902 negative_margin=0 min_margin=10  R0<D(needs 139)=1 min(R0-D)=-2  U<min(H,D)[reps]=0 min(U-min(H,D))=3  U<H[reps]=0 min(U-H)=3
RD 28 3 1 5 6 | 0,0,0 1,0,0 0,1,0 0,0,1 2,0,0 1,0,1 0,2,0 0,1,1 0,0,2 3,0,0 2,0,1 1,0,2 0,3,0 0,2,1 0,1,2 0,0,3 4,0,0 3,0,1 2,0,2 1,0,3 0,4,0 0,3,1 0,2,2 0,1,3 0,0,4 0,5,0 0,4,1 0,3,2
d=3 m=28 tiles=47316 negative_margin=0 min_margin=13  R0<D(needs 139)=1 min(R0-D)=-2  U<min(H,D)[reps]=0 min(U-min(H,D))=4  U<H[reps]=0 min(U-H)=4
RD 29 3 1 5 6 | 0,0,0 1,0,0 0,1,0 0,0,1 2,0,0 1,0,1 0,2,0 0,1,1 0,0,2 3,0,0 2,0,1 1,0,2 0,3,0 0,2,1 0,1,2 0,0,3 4,0,0 3,0,1 2,0,2 1,0,3 0,4,0 0,3,1 0,2,2 0,1,3 0,0,4 0,5,0 0,4,1 0,3,2 0,2,3
d=3 m=29 tiles=92792 negative_margin=0 min_margin=17  R0<D(needs 139)=1 min(R0-D)=-3  U<min(H,D)[reps]=0 min(U-min(H,D))=5  U<H[reps]=0 min(U-H)=5
RD 30 3 1 5 6 | 0,0,0 1,0,0 0,1,0 0,0,1 2,0,0 1,0,1 0,2,0 0,1,1 0,0,2 3,0,0 2,0,1 1,0,2 0,3,0 0,2,1 0,1,2 0,0,3 4,0,0 3,0,1 2,0,2 1,0,3 0,4,0 0,3,1 0,2,2 0,1,3 0,0,4 0,5,0 0,4,1 0,3,2 0,2,3 0,1,4
RD 30 3 1 5 26 | 0,0,0 1,0,0 0,1,0 0,0,1 2,0,0 1,1,0 1,0,1 0,2,0 0,0,2 3,0,0 2,1,0 2,0,1 1,2,0 1,0,2 0,3,0 0,0,3 4,0,0 3,1,0 3,0,1 2,2,0 2,0,2 1,3,0 1,0,3 0,4,0 0,0,4 4,1,0 3,2,0 2,3,0 1,4,0 0,5,0
RD 30 3 1 6 7 | 0,0,0 1,0,0 0,1,0 0,0,1 2,0,0 1,0,1 0,2,0 0,1,1 0,0,2 3,0,0 2,0,1 1,0,2 0,3,0 0,2,1 0,1,2 0,0,3 4,0,0 3,0,1 2,0,2 1,0,3 0,4,0 0,3,1 0,2,2 0,1,3 0,0,4 5,0,0 4,0,1 3,0,2 2,0,3 1,0,4
RD 30 3 1 6 7 | 0,0,0 1,0,0 0,1,0 0,0,1 2,0,0 1,0,1 0,2,0 0,1,1 0,0,2 3,0,0 2,0,1 1,0,2 0,3,0 0,2,1 0,1,2 0,0,3 4,0,0 3,0,1 2,0,2 1,0,3 0,4,0 0,3,1 0,2,2 0,1,3 0,0,4 4,0,1 3,0,2 2,0,3 1,0,4 0,0,5
RD 30 3 1 6 25 | 0,0,0 1,0,0 0,1,0 0,0,1 2,0,0 1,1,0 1,0,1 0,2,0 0,0,2 3,0,0 2,1,0 2,0,1 1,2,0 1,0,2 0,3,0 0,0,3 4,0,0 3,1,0 3,0,1 2,2,0 2,0,2 1,3,0 1,0,3 0,4,0 0,0,4 5,0,0 4,0,1 3,0,2 2,0,3 1,0,4
RD 30 3 1 6 25 | 0,0,0 1,0,0 0,1,0 0,0,1 2,0,0 1,1,0 1,0,1 0,2,0 0,0,2 3,0,0 2,1,0 2,0,1 1,2,0 1,0,2 0,3,0 0,0,3 4,0,0 3,1,0 3,0,1 2,2,0 2,0,2 1,3,0 1,0,3 0,4,0 0,0,4 4,0,1 3,0,2 2,0,3 1,0,4 0,0,5
RD 30 3 1 7 24 | 0,0,0 1,0,0 0,1,0 0,0,1 2,0,0 1,1,0 1,0,1 0,2,0 0,0,2 3,0,0 2,1,0 2,0,1 1,2,0 1,0,2 0,3,0 0,0,3 4,0,0 3,1,0 3,0,1 2,2,0 2,0,2 1,3,0 1,0,3 0,4,0 0,0,4 5,0,0 4,1,0 3,2,0 2,3,0 1,4,0
RD 30 3 1 7 24 | 0,0,0 1,0,0 0,1,0 0,0,1 2,0,0 1,1,0 1,0,1 0,2,0 0,0,2 3,0,0 2,1,0 2,0,1 1,2,0 1,0,2 0,3,0 0,0,3 4,0,0 3,1,0 3,0,1 2,2,0 2,0,2 1,3,0 1,0,3 0,4,0 0,0,4 4,1,0 3,2,0 2,3,0 1,4,0 0,5,0
RD 30 3 1 12 19 | 0,0,0 1,0,0 0,1,0 0,0,1 2,0,0 1,1,0 1,0,1 0,2,0 0,0,2 3,0,0 2,1,0 2,0,1 1,2,0 1,0,2 0,3,0 0,0,3 4,0,0 3,1,0 3,0,1 2,2,0 2,0,2 1,3,0 1,0,3 0,4,0 0,0,4 5,0,0 4,0,1 3,0,2 2,0,3 1,0,4
RD 30 3 1 12 19 | 0,0,0 1,0,0 0,1,0 0,0,1 2,0,0 1,1,0 1,0,1 0,2,0 0,0,2 3,0,0 2,1,0 2,0,1 1,2,0 1,0,2 0,3,0 0,0,3 4,0,0 3,1,0 3,0,1 2,2,0 2,0,2 1,3,0 1,0,3 0,4,0 0,0,4 4,0,1 3,0,2 2,0,3 1,0,4 0,0,5
RD 30 3 1 24 25 | 0,0,0 1,0,0 0,1,0 0,0,1 2,0,0 1,0,1 0,2,0 0,1,1 0,0,2 3,0,0 2,0,1 1,0,2 0,3,0 0,2,1 0,1,2 0,0,3 4,0,0 3,0,1 2,0,2 1,0,3 0,4,0 0,3,1 0,2,2 0,1,3 0,0,4 5,0,0 4,0,1 3,0,2 2,0,3 1,0,4
RD 30 3 1 24 25 | 0,0,0 1,0,0 0,1,0 0,0,1 2,0,0 1,0,1 0,2,0 0,1,1 0,0,2 3,0,0 2,0,1 1,0,2 0,3,0 0,2,1 0,1,2 0,0,3 4,0,0 3,0,1 2,0,2 1,0,3 0,4,0 0,3,1 0,2,2 0,1,3 0,0,4 4,0,1 3,0,2 2,0,3 1,0,4 0,0,5
RD 30 3 1 25 26 | 0,0,0 1,0,0 0,1,0 0,0,1 2,0,0 1,0,1 0,2,0 0,1,1 0,0,2 3,0,0 2,0,1 1,0,2 0,3,0 0,2,1 0,1,2 0,0,3 4,0,0 3,0,1 2,0,2 1,0,3 0,4,0 0,3,1 0,2,2 0,1,3 0,0,4 0,5,0 0,4,1 0,3,2 0,2,3 0,1,4
RD 30 3 2 5 27 | 0,0,0 1,0,0 0,1,0 0,0,1 2,0,0 1,1,0 1,0,1 0,2,0 0,0,2 3,0,0 2,1,0 2,0,1 1,2,0 1,0,2 0,3,0 0,0,3 4,0,0 3,1,0 3,0,1 2,2,0 2,0,2 1,3,0 1,0,3 0,4,0 0,0,4 4,1,0 3,2,0 2,3,0 1,4,0 0,5,0
RD 30 3 2 25 27 | 0,0,0 1,0,0 0,1,0 0,0,1 2,0,0 1,0,1 0,2,0 0,1,1 0,0,2 3,0,0 2,0,1 1,0,2 0,3,0 0,2,1 0,1,2 0,0,3 4,0,0 3,0,1 2,0,2 1,0,3 0,4,0 0,3,1 0,2,2 0,1,3 0,0,4 0,5,0 0,4,1 0,3,2 0,2,3 0,1,4
d=3 m=30 tiles=50436 negative_margin=0 min_margin=18  R0<D(needs 139)=15 min(R0-D)=-4  U<min(H,D)[reps]=0 min(U-min(H,D))=6  U<H[reps]=0 min(U-H)=6
RD 31 3 1 5 6 | 0,0,0 1,0,0 0,1,0 0,0,1 2,0,0 1,0,1 0,2,0 0,1,1 0,0,2 3,0,0 2,0,1 1,0,2 0,3,0 0,2,1 0,1,2 0,0,3 4,0,0 3,0,1 2,0,2 1,0,3 0,4,0 0,3,1 0,2,2 0,1,3 0,0,4 1,0,4 0,4,1 0,3,2 0,2,3 0,1,4 0,0,5
RD 31 3 1 5 6 | 0,0,0 1,0,0 0,1,0 0,0,1 2,0,0 1,0,1 0,2,0 0,1,1 0,0,2 3,0,0 2,0,1 1,0,2 0,3,0 0,2,1 0,1,2 0,0,3 4,0,0 3,0,1 2,0,2 1,0,3 0,4,0 0,3,1 0,2,2 0,1,3 0,0,4 0,5,0 0,4,1 0,3,2 0,2,3 0,1,4 0,0,5
RD 31 3 1 5 6 | 0,0,0 1,0,0 0,1,0 0,0,1 2,0,0 1,0,1 0,2,0 0,1,1 0,0,2 3,0,0 2,0,1 1,0,2 0,3,0 0,2,1 0,1,2 0,0,3 4,0,0 3,0,1 2,0,2 1,0,3 0,4,0 0,3,1 0,2,2 0,1,3 0,0,4 0,5,0 0,4,1 0,3,2 0,2,3 0,1,4 0,6,0
RD 31 3 1 6 7 | 0,0,0 1,0,0 0,1,0 0,0,1 2,0,0 1,0,1 0,2,0 0,1,1 0,0,2 3,0,0 2,0,1 1,0,2 0,3,0 0,2,1 0,1,2 0,0,3 4,0,0 3,0,1 2,0,2 1,0,3 0,4,0 0,3,1 0,2,2 0,1,3 0,0,4 5,0,0 4,0,1 3,0,2 2,0,3 1,0,4 0,5,0
d=3 m=31 tiles=124810 negative_margin=0 min_margin=15  R0<D(needs 139)=4 min(R0-D)=-12  U<min(H,D)[reps]=0 min(U-min(H,D))=1  U<H[reps]=0 min(U-H)=1
RD 32 3 1 5 6 | 0,0,0 1,0,0 0,1,0 0,0,1 2,0,0 1,0,1 0,2,0 0,1,1 0,0,2 3,0,0 2,0,1 1,0,2 0,3,0 0,2,1 0,1,2 0,0,3 4,0,0 3,0,1 2,0,2 1,0,3 0,4,0 0,3,1 0,2,2 0,1,3 0,0,4 0,5,0 0,4,1 0,3,2 0,2,3 0,1,4 0,6,0 0,5,1
RD 32 3 1 6 7 | 0,0,0 1,0,0 0,1,0 0,0,1 2,0,0 1,0,1 0,2,0 0,1,1 0,0,2 3,0,0 2,0,1 1,0,2 0,3,0 0,2,1 0,1,2 0,0,3 4,0,0 3,0,1 2,0,2 1,0,3 0,4,0 0,3,1 0,2,2 0,1,3 0,0,4 5,0,0 4,0,1 3,0,2 2,0,3 1,0,4 0,5,0 0,4,1
RD 32 3 1 14 19 | 0,0,0 1,0,0 0,1,0 0,0,1 2,0,0 1,1,0 1,0,1 0,2,0 0,0,2 3,0,0 2,1,0 2,0,1 1,2,0 1,0,2 0,3,0 0,0,3 4,0,0 3,1,0 3,0,1 2,2,0 2,0,2 1,3,0 1,0,3 0,4,0 0,0,4 5,0,0 4,1,0 4,0,1 3,2,0 3,0,2 2,0,3 1,0,4
RD 32 3 1 14 19 | 0,0,0 1,0,0 0,1,0 0,0,1 2,0,0 1,1,0 1,0,1 0,2,0 0,0,2 3,0,0 2,1,0 2,0,1 1,2,0 1,0,2 0,3,0 0,0,3 4,0,0 3,1,0 3,0,1 2,2,0 2,0,2 1,3,0 1,0,3 0,4,0 0,0,4 5,0,0 4,1,0 4,0,1 3,0,2 2,0,3 1,0,4 0,0,5
RD 32 3 1 14 19 | 0,0,0 1,0,0 0,1,0 0,0,1 2,0,0 1,1,0 1,0,1 0,2,0 0,0,2 3,0,0 2,1,0 2,0,1 1,2,0 1,0,2 0,3,0 0,0,3 4,0,0 3,1,0 3,0,1 2,2,0 2,0,2 1,3,0 1,0,3 0,4,0 0,0,4 5,0,0 4,0,1 3,0,2 2,0,3 1,0,4 0,0,5 0,0,6
d=3 m=32 tiles=92440 negative_margin=0 min_margin=19  R0<D(needs 139)=5 min(R0-D)=-10  U<min(H,D)[reps]=0 min(U-min(H,D))=2  U<H[reps]=0 min(U-H)=2
